---
source: parser/tests/ok.rs
description: ok_001_comment
---
PROGRAM@0..42
  COMMENT@0..19 "# This is a comment"
  WHITESPACE@19..21 "\n\n"
  COMMENT@21..41 "####################"
  WHITESPACE@41..42 "\n"
