---
source: parser/tests/ok.rs
description: ok_000_empty_file
---
PROGRAM@0..0
