---
source: parser/tests/ok.rs
expression: "{\n    let source = std::include_str!(\"../test_data/ok/001_comment.lico\");\n    let (green, err) = parser::parse(source, lexer::tokenize(source));\n    assert!(err.is_empty());\n    format!(\"{:#?}\", SyntaxNode :: new_root(green))\n}"
---
PROGRAM@0..42
  COMMENT@0..19 "# This is a comment"
  WHITESPACE@19..21 "\n\n"
  COMMENT@21..41 "####################"
  WHITESPACE@41..42 "\n"
