---
source: parser/tests/ok.rs
expression: "{\n    let source = std::include_str!(\"../test_data/ok/003_func_stmt.lico\");\n    let (green, err) = parser::parse(source, lexer::tokenize(source));\n    assert!(err.is_empty(), \"{:?}\", err);\n    format!(\"{:#?}\", SyntaxNode :: new_root(green))\n}"
---
PROGRAM@0..57
  FUNC_STMT@0..19
    FUNC_KW@0..4 "func"
    WHITESPACE@4..5 " "
    NAME@5..13
      IDENT@5..13 "empty_fn"
    PARAM_LIST@13..15
      OPENPAREN@13..14 "("
      CLOSEPAREN@14..15 ")"
    PROGRAM@15..16
      WHITESPACE@15..16 "\n"
    END_KW@16..19 "end"
  WHITESPACE@19..20 "\n"
  FUNC_STMT@20..56
    FUNC_KW@20..24 "func"
    WHITESPACE@24..25 " "
    NAME@25..29
      IDENT@25..29 "main"
    PARAM_LIST@29..41
      OPENPAREN@29..30 "("
      NAME@30..34
        IDENT@30..34 "argc"
      COMMA@34..35 ","
      WHITESPACE@35..36 " "
      NAME@36..40
        IDENT@36..40 "argv"
      CLOSEPAREN@40..41 ")"
    PROGRAM@41..53
      WHITESPACE@41..44 "\n  "
      RETURN_STMT@44..53
        RETURN_KW@44..50 "return"
        WHITESPACE@50..51 " "
        LITERAL@51..52
          INT@51..52 "0"
        WHITESPACE@52..53 "\n"
    END_KW@53..56 "end"
  WHITESPACE@56..57 "\n"
