---
source: parser/tests/ok.rs
expression: "{\n    let source = std::include_str!(\"../test_data/ok/007_do_stmt.lico\");\n    let (green, err) = parser::parse(source, lexer::tokenize(source));\n    assert!(err.is_empty());\n    format!(\"{:#?}\", SyntaxNode :: new_root(green))\n}"
---
PROGRAM@0..7
  EXPR_STMT@0..7
    DO_EXPR@0..6
      DO_KW@0..2 "do"
      PROGRAM@2..3
        WHITESPACE@2..3 "\n"
      END_KW@3..6 "end"
    WHITESPACE@6..7 "\n"
