---
source: parser/tests/ok.rs
expression: "{\n    let source = std::include_str!(\"../test_data/ok/009_break_stmt.lico\");\n    let (green, err) = parser::parse(source, lexer::tokenize(source));\n    assert!(err.is_empty());\n    format!(\"{:#?}\", SyntaxNode :: new_root(green))\n}"
---
PROGRAM@0..6
  BREAK_STMT@0..5
    BREAK_KW@0..5 "break"
  WHITESPACE@5..6 "\n"
